2026-01-17 22:30:46 [main] INFO  c.m.s.SocialvibeAppApplication - Starting SocialvibeAppApplication using Java 25.0.1 with PID 6737 (/home/jamada-jess/Desktop/socialvibe-app/target/classes started by jamada-jess in /home/jamada-jess/Desktop/socialvibe-app)
2026-01-17 22:30:46 [main] DEBUG c.m.s.SocialvibeAppApplication - Running with Spring Boot v4.0.1, Spring v7.0.2
2026-01-17 22:30:46 [main] INFO  c.m.s.SocialvibeAppApplication - No active profile set, falling back to 1 default profile: "default"
2026-01-17 22:30:48 [main] INFO  o.s.d.r.c.RepositoryConfigurationDelegate - Bootstrapping Spring Data JPA repositories in DEFAULT mode.
2026-01-17 22:30:48 [main] INFO  o.s.d.r.c.RepositoryConfigurationDelegate - Finished Spring Data repository scanning in 101 ms. Found 7 JPA repository interfaces.
2026-01-17 22:30:48 [main] INFO  o.s.boot.tomcat.TomcatWebServer - Tomcat initialized with port 8080 (http)
2026-01-17 22:30:48 [main] INFO  o.a.catalina.core.StandardService - Starting service [Tomcat]
2026-01-17 22:30:48 [main] INFO  o.a.catalina.core.StandardEngine - Starting Servlet engine: [Apache Tomcat/11.0.15]
2026-01-17 22:30:49 [main] INFO  o.s.b.w.c.s.WebApplicationContextInitializer - Root WebApplicationContext: initialization completed in 2151 ms
2026-01-17 22:30:50 [main] INFO  o.s.o.j.p.SpringPersistenceUnitInfo - No LoadTimeWeaver setup: ignoring JPA class transformer
2026-01-17 22:30:50 [main] INFO  com.zaxxer.hikari.HikariDataSource - HikariPool-1 - Starting...
2026-01-17 22:30:50 [main] INFO  com.zaxxer.hikari.pool.HikariPool - HikariPool-1 - Added connection org.postgresql.jdbc.PgConnection@1b7a4930
2026-01-17 22:30:50 [main] INFO  com.zaxxer.hikari.HikariDataSource - HikariPool-1 - Start completed.
2026-01-17 22:30:52 [main] INFO  o.s.o.j.LocalContainerEntityManagerFactoryBean - Initialized JPA EntityManagerFactory for persistence unit 'default'
2026-01-17 22:30:52 [main] INFO  o.s.d.j.r.q.QueryEnhancerFactories - Hibernate is in classpath; If applicable, HQL parser will be used.
2026-01-17 22:30:54 [main] DEBUG c.m.s.config.jwt.JwtFilter - Filter 'jwtFilter' configured for use
2026-01-17 22:30:54 [main] INFO  o.s.s.c.a.a.c.InitializeAuthenticationProviderBeanManagerConfigurer$InitializeAuthenticationProviderManagerConfigurer - Global AuthenticationManager configured with AuthenticationProvider bean with name authenticationProvider
2026-01-17 22:30:54 [main] WARN  o.s.s.c.a.a.c.InitializeUserDetailsBeanManagerConfigurer$InitializeUserDetailsManagerConfigurer - Global AuthenticationManager configured with an AuthenticationProvider bean. UserDetailsService beans will not be used by Spring Security for automatically configuring username/password login. Consider removing the AuthenticationProvider bean. Alternatively, consider using the UserDetailsService in a manually instantiated DaoAuthenticationProvider. If the current configuration is intentional, to turn off this warning, increase the logging level of 'org.springframework.security.config.annotation.authentication.configuration.InitializeUserDetailsBeanManagerConfigurer' to ERROR
2026-01-17 22:30:54 [main] WARN  o.s.b.j.a.JpaBaseConfiguration$JpaWebConfiguration - spring.jpa.open-in-view is enabled by default. Therefore, database queries may be performed during view rendering. Explicitly configure spring.jpa.open-in-view to disable this warning
2026-01-17 22:30:55 [main] INFO  o.s.boot.tomcat.TomcatWebServer - Tomcat started on port 8080 (http) with context path '/'
2026-01-17 22:30:55 [main] INFO  c.m.s.SocialvibeAppApplication - Started SocialvibeAppApplication in 9.811 seconds (process running for 10.413)
2026-01-17 22:32:39 [http-nio-8080-exec-2] INFO  o.a.c.c.C.[Tomcat].[localhost].[/] - Initializing Spring DispatcherServlet 'dispatcherServlet'
2026-01-17 22:32:39 [http-nio-8080-exec-2] INFO  o.s.web.servlet.DispatcherServlet - Initializing Servlet 'dispatcherServlet'
2026-01-17 22:32:39 [http-nio-8080-exec-2] INFO  o.s.web.servlet.DispatcherServlet - Completed initialization in 101 ms
2026-01-17 22:32:39 [http-nio-8080-exec-3] WARN  o.s.w.s.h.HandlerMappingIntrospector - Cache miss for REQUEST dispatch to '/api/v1/user/profile/Ramen' (previous null). Performing CorsConfiguration lookup. This is logged once only at WARN level, and every time at TRACE.
2026-01-17 22:32:42 [http-nio-8080-exec-7] INFO  c.m.s.f.RequestLoggingInterceptor - === API Request Started ===
2026-01-17 22:32:42 [http-nio-8080-exec-1] INFO  c.m.s.f.RequestLoggingInterceptor - === API Request Started ===
2026-01-17 22:32:42 [http-nio-8080-exec-1] INFO  c.m.s.f.RequestLoggingInterceptor - Request ID: f5ec890e-542c-4645-8de7-71462174ad0e
2026-01-17 22:32:42 [http-nio-8080-exec-1] INFO  c.m.s.f.RequestLoggingInterceptor - HTTP Method: GET
2026-01-17 22:32:42 [http-nio-8080-exec-7] INFO  c.m.s.f.RequestLoggingInterceptor - Request ID: 90deaaad-a71b-4921-a9cb-4090d7a9ea6b
2026-01-17 22:32:42 [http-nio-8080-exec-7] INFO  c.m.s.f.RequestLoggingInterceptor - HTTP Method: GET
2026-01-17 22:32:42 [http-nio-8080-exec-7] INFO  c.m.s.f.RequestLoggingInterceptor - Endpoint: /api/v1/user/followers
2026-01-17 22:32:42 [http-nio-8080-exec-7] INFO  c.m.s.f.RequestLoggingInterceptor - Client IP: 127.0.0.1
2026-01-17 22:32:42 [http-nio-8080-exec-7] INFO  c.m.s.f.RequestLoggingInterceptor - User-Agent: Mozilla/5.0 (X11; Ubuntu; Linux x86_64; rv:147.0) Gecko/20100101 Firefox/147.0
2026-01-17 22:32:42 [http-nio-8080-exec-7] INFO  c.m.s.f.RequestLoggingInterceptor - Authentication: Bearer token present
2026-01-17 22:32:42 [http-nio-8080-exec-6] INFO  c.m.s.f.RequestLoggingInterceptor - === API Request Started ===
2026-01-17 22:32:42 [http-nio-8080-exec-6] INFO  c.m.s.f.RequestLoggingInterceptor - Request ID: 2fdbe8ff-26b9-4e4c-ab3b-96e01a3c92d0
2026-01-17 22:32:42 [http-nio-8080-exec-6] INFO  c.m.s.f.RequestLoggingInterceptor - HTTP Method: GET
2026-01-17 22:32:42 [http-nio-8080-exec-6] INFO  c.m.s.f.RequestLoggingInterceptor - Endpoint: /api/v1/posts/feed?page=0&size=10
2026-01-17 22:32:42 [http-nio-8080-exec-6] INFO  c.m.s.f.RequestLoggingInterceptor - Client IP: 127.0.0.1
2026-01-17 22:32:42 [http-nio-8080-exec-6] INFO  c.m.s.f.RequestLoggingInterceptor - User-Agent: Mozilla/5.0 (X11; Ubuntu; Linux x86_64; rv:147.0) Gecko/20100101 Firefox/147.0
2026-01-17 22:32:42 [http-nio-8080-exec-6] INFO  c.m.s.f.RequestLoggingInterceptor - Authentication: Bearer token present
2026-01-17 22:32:42 [http-nio-8080-exec-1] INFO  c.m.s.f.RequestLoggingInterceptor - Endpoint: /api/v1/user/suggest-friends
2026-01-17 22:32:42 [http-nio-8080-exec-1] INFO  c.m.s.f.RequestLoggingInterceptor - Client IP: 127.0.0.1
2026-01-17 22:32:42 [http-nio-8080-exec-1] INFO  c.m.s.f.RequestLoggingInterceptor - User-Agent: Mozilla/5.0 (X11; Ubuntu; Linux x86_64; rv:147.0) Gecko/20100101 Firefox/147.0
2026-01-17 22:32:42 [http-nio-8080-exec-1] INFO  c.m.s.f.RequestLoggingInterceptor - Authentication: Bearer token present
2026-01-17 22:32:42 [http-nio-8080-exec-5] INFO  c.m.s.f.RequestLoggingInterceptor - === API Request Started ===
2026-01-17 22:32:42 [http-nio-8080-exec-5] INFO  c.m.s.f.RequestLoggingInterceptor - Request ID: a5dc26f8-2b81-4708-84c7-d998d10a5bb6
2026-01-17 22:32:42 [http-nio-8080-exec-5] INFO  c.m.s.f.RequestLoggingInterceptor - HTTP Method: GET
2026-01-17 22:32:42 [http-nio-8080-exec-5] INFO  c.m.s.f.RequestLoggingInterceptor - Endpoint: /api/v1/user/profile/Ramen
2026-01-17 22:32:42 [http-nio-8080-exec-5] INFO  c.m.s.f.RequestLoggingInterceptor - Client IP: 127.0.0.1
2026-01-17 22:32:42 [http-nio-8080-exec-5] INFO  c.m.s.f.RequestLoggingInterceptor - User-Agent: Mozilla/5.0 (X11; Ubuntu; Linux x86_64; rv:147.0) Gecko/20100101 Firefox/147.0
2026-01-17 22:32:42 [http-nio-8080-exec-5] INFO  c.m.s.f.RequestLoggingInterceptor - Authentication: Bearer token present
2026-01-17 22:32:46 [http-nio-8080-exec-6] WARN  o.s.d.w.c.SpringDataJackson3Configuration$PageModule$WarningLoggingModifier - Serializing PageImpl instances as-is is not supported, meaning that there is no guarantee about the stability of the resulting JSON structure!
	For a stable JSON structure, please use Spring Data's PagedModel (globally via @EnableSpringDataWebSupport(pageSerializationMode = VIA_DTO))
	or Spring HATEOAS and Spring Data's PagedResourcesAssembler as documented in https://docs.spring.io/spring-data/commons/reference/repositories/core-extensions.html#core.web.pageables.

2026-01-17 22:32:46 [http-nio-8080-exec-1] INFO  c.m.s.f.RequestLoggingInterceptor - === API Request Completed ===
2026-01-17 22:32:46 [http-nio-8080-exec-1] INFO  c.m.s.f.RequestLoggingInterceptor - Request ID: f5ec890e-542c-4645-8de7-71462174ad0e
2026-01-17 22:32:46 [http-nio-8080-exec-1] INFO  c.m.s.f.RequestLoggingInterceptor - HTTP Method: GET
2026-01-17 22:32:46 [http-nio-8080-exec-1] INFO  c.m.s.f.RequestLoggingInterceptor - Endpoint: /api/v1/user/suggest-friends
2026-01-17 22:32:46 [http-nio-8080-exec-1] INFO  c.m.s.f.RequestLoggingInterceptor - Status Code: 200
2026-01-17 22:32:46 [http-nio-8080-exec-1] INFO  c.m.s.f.RequestLoggingInterceptor - Duration: 4244 ms
2026-01-17 22:32:46 [http-nio-8080-exec-7] INFO  c.m.s.f.RequestLoggingInterceptor - === API Request Completed ===
2026-01-17 22:32:46 [http-nio-8080-exec-7] INFO  c.m.s.f.RequestLoggingInterceptor - Request ID: 90deaaad-a71b-4921-a9cb-4090d7a9ea6b
2026-01-17 22:32:46 [http-nio-8080-exec-7] INFO  c.m.s.f.RequestLoggingInterceptor - HTTP Method: GET
2026-01-17 22:32:46 [http-nio-8080-exec-7] INFO  c.m.s.f.RequestLoggingInterceptor - Endpoint: /api/v1/user/followers
2026-01-17 22:32:46 [http-nio-8080-exec-7] INFO  c.m.s.f.RequestLoggingInterceptor - Status Code: 200
2026-01-17 22:32:46 [http-nio-8080-exec-7] INFO  c.m.s.f.RequestLoggingInterceptor - Duration: 4257 ms
2026-01-17 22:32:46 [http-nio-8080-exec-5] INFO  c.m.s.f.RequestLoggingInterceptor - === API Request Completed ===
2026-01-17 22:32:46 [http-nio-8080-exec-5] INFO  c.m.s.f.RequestLoggingInterceptor - Request ID: a5dc26f8-2b81-4708-84c7-d998d10a5bb6
2026-01-17 22:32:46 [http-nio-8080-exec-5] INFO  c.m.s.f.RequestLoggingInterceptor - HTTP Method: GET
2026-01-17 22:32:46 [http-nio-8080-exec-5] INFO  c.m.s.f.RequestLoggingInterceptor - Endpoint: /api/v1/user/profile/Ramen
2026-01-17 22:32:46 [http-nio-8080-exec-5] INFO  c.m.s.f.RequestLoggingInterceptor - Status Code: 200
2026-01-17 22:32:46 [http-nio-8080-exec-5] INFO  c.m.s.f.RequestLoggingInterceptor - Duration: 4326 ms
2026-01-17 22:32:47 [http-nio-8080-exec-6] INFO  c.m.s.f.RequestLoggingInterceptor - === API Request Completed ===
2026-01-17 22:32:47 [http-nio-8080-exec-6] INFO  c.m.s.f.RequestLoggingInterceptor - Request ID: 2fdbe8ff-26b9-4e4c-ab3b-96e01a3c92d0
2026-01-17 22:32:47 [http-nio-8080-exec-6] INFO  c.m.s.f.RequestLoggingInterceptor - HTTP Method: GET
2026-01-17 22:32:47 [http-nio-8080-exec-6] INFO  c.m.s.f.RequestLoggingInterceptor - Endpoint: /api/v1/posts/feed
2026-01-17 22:32:47 [http-nio-8080-exec-6] INFO  c.m.s.f.RequestLoggingInterceptor - Status Code: 200
2026-01-17 22:32:47 [http-nio-8080-exec-6] INFO  c.m.s.f.RequestLoggingInterceptor - Duration: 4525 ms
2026-01-17 22:32:47 [http-nio-8080-exec-8] INFO  c.m.s.f.RequestLoggingInterceptor - === API Request Started ===
2026-01-17 22:32:47 [http-nio-8080-exec-8] INFO  c.m.s.f.RequestLoggingInterceptor - Request ID: 717e9ce0-cb24-4e32-a897-ba57c140417c
2026-01-17 22:32:47 [http-nio-8080-exec-8] INFO  c.m.s.f.RequestLoggingInterceptor - HTTP Method: GET
2026-01-17 22:32:47 [http-nio-8080-exec-8] INFO  c.m.s.f.RequestLoggingInterceptor - Endpoint: /api/v1/user/profile/Ramen
2026-01-17 22:32:47 [http-nio-8080-exec-8] INFO  c.m.s.f.RequestLoggingInterceptor - Client IP: 127.0.0.1
2026-01-17 22:32:47 [http-nio-8080-exec-8] INFO  c.m.s.f.RequestLoggingInterceptor - User-Agent: Mozilla/5.0 (X11; Ubuntu; Linux x86_64; rv:147.0) Gecko/20100101 Firefox/147.0
2026-01-17 22:32:47 [http-nio-8080-exec-8] INFO  c.m.s.f.RequestLoggingInterceptor - Authentication: Bearer token present
2026-01-17 22:32:47 [http-nio-8080-exec-3] INFO  c.m.s.f.RequestLoggingInterceptor - === API Request Started ===
2026-01-17 22:32:47 [http-nio-8080-exec-3] INFO  c.m.s.f.RequestLoggingInterceptor - Request ID: f15c6107-8706-4b5b-93d3-e7ccc0cbc7fe
2026-01-17 22:32:47 [http-nio-8080-exec-3] INFO  c.m.s.f.RequestLoggingInterceptor - HTTP Method: GET
2026-01-17 22:32:47 [http-nio-8080-exec-3] INFO  c.m.s.f.RequestLoggingInterceptor - Endpoint: /api/v1/posts/3/comments
2026-01-17 22:32:47 [http-nio-8080-exec-10] INFO  c.m.s.f.RequestLoggingInterceptor - === API Request Started ===
2026-01-17 22:32:47 [http-nio-8080-exec-3] INFO  c.m.s.f.RequestLoggingInterceptor - Client IP: 127.0.0.1
2026-01-17 22:32:47 [http-nio-8080-exec-10] INFO  c.m.s.f.RequestLoggingInterceptor - Request ID: 6aaf1a08-a98f-42d2-a10e-886041a97d9b
2026-01-17 22:32:47 [http-nio-8080-exec-10] INFO  c.m.s.f.RequestLoggingInterceptor - HTTP Method: GET
2026-01-17 22:32:47 [http-nio-8080-exec-10] INFO  c.m.s.f.RequestLoggingInterceptor - Endpoint: /api/v1/posts/1/comments
2026-01-17 22:32:47 [http-nio-8080-exec-3] INFO  c.m.s.f.RequestLoggingInterceptor - User-Agent: Mozilla/5.0 (X11; Ubuntu; Linux x86_64; rv:147.0) Gecko/20100101 Firefox/147.0
2026-01-17 22:32:47 [http-nio-8080-exec-10] INFO  c.m.s.f.RequestLoggingInterceptor - Client IP: 127.0.0.1
2026-01-17 22:32:47 [http-nio-8080-exec-10] INFO  c.m.s.f.RequestLoggingInterceptor - User-Agent: Mozilla/5.0 (X11; Ubuntu; Linux x86_64; rv:147.0) Gecko/20100101 Firefox/147.0
2026-01-17 22:32:47 [http-nio-8080-exec-10] INFO  c.m.s.f.RequestLoggingInterceptor - Authentication: Bearer token present
2026-01-17 22:32:47 [http-nio-8080-exec-3] INFO  c.m.s.f.RequestLoggingInterceptor - Authentication: Bearer token present
2026-01-17 22:32:47 [http-nio-8080-exec-10] INFO  c.m.s.f.RequestLoggingInterceptor - === API Request Completed ===
2026-01-17 22:32:47 [http-nio-8080-exec-10] INFO  c.m.s.f.RequestLoggingInterceptor - Request ID: 6aaf1a08-a98f-42d2-a10e-886041a97d9b
2026-01-17 22:32:47 [http-nio-8080-exec-10] INFO  c.m.s.f.RequestLoggingInterceptor - HTTP Method: GET
2026-01-17 22:32:47 [http-nio-8080-exec-10] INFO  c.m.s.f.RequestLoggingInterceptor - Endpoint: /api/v1/posts/1/comments
2026-01-17 22:32:47 [http-nio-8080-exec-10] INFO  c.m.s.f.RequestLoggingInterceptor - Status Code: 200
2026-01-17 22:32:47 [http-nio-8080-exec-10] INFO  c.m.s.f.RequestLoggingInterceptor - Duration: 122 ms
2026-01-17 22:32:47 [http-nio-8080-exec-8] INFO  c.m.s.f.RequestLoggingInterceptor - === API Request Completed ===
2026-01-17 22:32:47 [http-nio-8080-exec-8] INFO  c.m.s.f.RequestLoggingInterceptor - Request ID: 717e9ce0-cb24-4e32-a897-ba57c140417c
2026-01-17 22:32:47 [http-nio-8080-exec-8] INFO  c.m.s.f.RequestLoggingInterceptor - HTTP Method: GET
2026-01-17 22:32:47 [http-nio-8080-exec-8] INFO  c.m.s.f.RequestLoggingInterceptor - Endpoint: /api/v1/user/profile/Ramen
2026-01-17 22:32:47 [http-nio-8080-exec-8] INFO  c.m.s.f.RequestLoggingInterceptor - Status Code: 200
2026-01-17 22:32:47 [http-nio-8080-exec-8] INFO  c.m.s.f.RequestLoggingInterceptor - Duration: 661 ms
2026-01-17 22:32:47 [http-nio-8080-exec-3] INFO  c.m.s.f.RequestLoggingInterceptor - === API Request Completed ===
2026-01-17 22:32:47 [http-nio-8080-exec-3] INFO  c.m.s.f.RequestLoggingInterceptor - Request ID: f15c6107-8706-4b5b-93d3-e7ccc0cbc7fe
2026-01-17 22:32:47 [http-nio-8080-exec-3] INFO  c.m.s.f.RequestLoggingInterceptor - HTTP Method: GET
2026-01-17 22:32:47 [http-nio-8080-exec-3] INFO  c.m.s.f.RequestLoggingInterceptor - Endpoint: /api/v1/posts/3/comments
2026-01-17 22:32:47 [http-nio-8080-exec-3] INFO  c.m.s.f.RequestLoggingInterceptor - Status Code: 200
2026-01-17 22:32:47 [http-nio-8080-exec-3] INFO  c.m.s.f.RequestLoggingInterceptor - Duration: 178 ms
2026-01-17 22:32:47 [http-nio-8080-exec-4] INFO  c.m.s.f.RequestLoggingInterceptor - === API Request Started ===
2026-01-17 22:32:47 [http-nio-8080-exec-4] INFO  c.m.s.f.RequestLoggingInterceptor - Request ID: a9757e31-d32b-45f0-9b51-deaf84045b05
2026-01-17 22:32:47 [http-nio-8080-exec-4] INFO  c.m.s.f.RequestLoggingInterceptor - HTTP Method: GET
2026-01-17 22:32:47 [http-nio-8080-exec-4] INFO  c.m.s.f.RequestLoggingInterceptor - Endpoint: /api/v1/posts/2/comments
2026-01-17 22:32:47 [http-nio-8080-exec-4] INFO  c.m.s.f.RequestLoggingInterceptor - Client IP: 127.0.0.1
2026-01-17 22:32:47 [http-nio-8080-exec-4] INFO  c.m.s.f.RequestLoggingInterceptor - User-Agent: Mozilla/5.0 (X11; Ubuntu; Linux x86_64; rv:147.0) Gecko/20100101 Firefox/147.0
2026-01-17 22:32:47 [http-nio-8080-exec-4] INFO  c.m.s.f.RequestLoggingInterceptor - Authentication: Bearer token present
2026-01-17 22:32:47 [http-nio-8080-exec-4] INFO  c.m.s.f.RequestLoggingInterceptor - === API Request Completed ===
2026-01-17 22:32:47 [http-nio-8080-exec-4] INFO  c.m.s.f.RequestLoggingInterceptor - Request ID: a9757e31-d32b-45f0-9b51-deaf84045b05
2026-01-17 22:32:47 [http-nio-8080-exec-4] INFO  c.m.s.f.RequestLoggingInterceptor - HTTP Method: GET
2026-01-17 22:32:47 [http-nio-8080-exec-4] INFO  c.m.s.f.RequestLoggingInterceptor - Endpoint: /api/v1/posts/2/comments
2026-01-17 22:32:47 [http-nio-8080-exec-4] INFO  c.m.s.f.RequestLoggingInterceptor - Status Code: 200
2026-01-17 22:32:47 [http-nio-8080-exec-4] INFO  c.m.s.f.RequestLoggingInterceptor - Duration: 46 ms
2026-01-17 22:33:07 [http-nio-8080-exec-4] INFO  c.m.s.f.RequestLoggingInterceptor - === API Request Started ===
2026-01-17 22:33:07 [http-nio-8080-exec-4] INFO  c.m.s.f.RequestLoggingInterceptor - Request ID: d579e5ad-9062-453f-a4ca-431e4c210602
2026-01-17 22:33:07 [http-nio-8080-exec-4] INFO  c.m.s.f.RequestLoggingInterceptor - HTTP Method: GET
2026-01-17 22:33:07 [http-nio-8080-exec-4] INFO  c.m.s.f.RequestLoggingInterceptor - Endpoint: /api/v1/user/followers
2026-01-17 22:33:07 [http-nio-8080-exec-4] INFO  c.m.s.f.RequestLoggingInterceptor - Client IP: 127.0.0.1
2026-01-17 22:33:07 [http-nio-8080-exec-4] INFO  c.m.s.f.RequestLoggingInterceptor - User-Agent: Mozilla/5.0 (X11; Ubuntu; Linux x86_64; rv:147.0) Gecko/20100101 Firefox/147.0
2026-01-17 22:33:07 [http-nio-8080-exec-4] INFO  c.m.s.f.RequestLoggingInterceptor - Authentication: Bearer token present
2026-01-17 22:33:07 [http-nio-8080-exec-4] INFO  c.m.s.f.RequestLoggingInterceptor - === API Request Completed ===
2026-01-17 22:33:07 [http-nio-8080-exec-4] INFO  c.m.s.f.RequestLoggingInterceptor - Request ID: d579e5ad-9062-453f-a4ca-431e4c210602
2026-01-17 22:33:07 [http-nio-8080-exec-4] INFO  c.m.s.f.RequestLoggingInterceptor - HTTP Method: GET
2026-01-17 22:33:07 [http-nio-8080-exec-4] INFO  c.m.s.f.RequestLoggingInterceptor - Endpoint: /api/v1/user/followers
2026-01-17 22:33:07 [http-nio-8080-exec-4] INFO  c.m.s.f.RequestLoggingInterceptor - Status Code: 200
2026-01-17 22:33:07 [http-nio-8080-exec-4] INFO  c.m.s.f.RequestLoggingInterceptor - Duration: 172 ms
2026-01-17 22:33:32 [SpringApplicationShutdownHook] INFO  o.s.boot.tomcat.GracefulShutdown - Commencing graceful shutdown. Waiting for active requests to complete
2026-01-17 22:33:32 [tomcat-shutdown] INFO  o.s.boot.tomcat.GracefulShutdown - Graceful shutdown complete
2026-01-17 22:33:32 [SpringApplicationShutdownHook] INFO  o.s.o.j.LocalContainerEntityManagerFactoryBean - Closing JPA EntityManagerFactory for persistence unit 'default'
2026-01-17 22:33:32 [SpringApplicationShutdownHook] INFO  com.zaxxer.hikari.HikariDataSource - HikariPool-1 - Shutdown initiated...
2026-01-17 22:33:32 [SpringApplicationShutdownHook] INFO  com.zaxxer.hikari.HikariDataSource - HikariPool-1 - Shutdown completed.
